// Jest Snapshot v1, https://goo.gl/fbAQLP

exports[`VRIcon should render asc icon correctly 1`] = `
<View
  style={{}}
  testID="vr-icon"
>
  <RNSVGSvgView
    align="xMidYMid"
    bbHeight="25"
    bbWidth="25"
    focusable={false}
    meetOrSlice={0}
    minX={0}
    minY={0}
    style={
      [
        {
          "backgroundColor": "transparent",
          "borderWidth": 0,
        },
        {
          "height": 25,
          "width": 25,
        },
        {
          "flex": 0,
          "height": 25,
          "width": 25,
        },
      ]
    }
    vbHeight={512}
    vbWidth={576}
  >
    <RNSVGGroup>
      <RNSVGGroup
        fill={
          {
            "payload": 4280032286,
            "type": 0,
          }
        }
        propList={
          [
            "fill",
          ]
        }
      >
        <RNSVGPath
          d="M304 208h128C440.8 208 448 200.8 448 192s-7.156-16-16-16h-128c-8.844 0-15.1 7.156-15.1 16S295.2 208 304 208zM304 336h192c8.844 0 16-7.156 16-16s-7.156-16-16-16h-192c-8.844 0-15.1 7.156-15.1 16S295.2 336 304 336zM304 80h64c8.844 0 16-7.156 16-16S376.8 48 368 48h-64c-8.844 0-15.1 7.156-15.1 16S295.2 80 304 80zM560 432h-256c-8.844 0-15.1 7.156-15.1 16S295.2 464 304 464h256c8.844 0 16-7.156 16-16S568.8 432 560 432zM224 352c-4.094 0-8.188 1.562-11.31 4.688L144 425.4V48C144 39.16 136.8 32 128 32S112 39.16 112 48v377.4l-68.69-68.69c-6.25-6.25-16.38-6.25-22.62 0s-6.25 16.38 0 22.62l96 96c6.25 6.25 16.38 6.25 22.62 0l96-96c6.25-6.25 6.25-16.38 0-22.62C232.2 353.6 228.1 352 224 352z"
        />
      </RNSVGGroup>
    </RNSVGGroup>
  </RNSVGSvgView>
</View>
`;

exports[`VRIcon should render barcode icon correctly 1`] = `
<View
  style={{}}
  testID="vr-icon"
>
  <RNSVGSvgView
    align="xMidYMid"
    bbHeight="25"
    bbWidth="25"
    focusable={false}
    meetOrSlice={0}
    minX={0}
    minY={0}
    style={
      [
        {
          "backgroundColor": "transparent",
          "borderWidth": 0,
        },
        {
          "height": 25,
          "width": 25,
        },
        {
          "flex": 0,
          "height": 25,
          "width": 25,
        },
      ]
    }
    vbHeight={512}
    vbWidth={576}
  >
    <RNSVGGroup>
      <RNSVGGroup
        fill={
          {
            "payload": 4280032286,
            "type": 0,
          }
        }
        propList={
          [
            "fill",
          ]
        }
      >
        <RNSVGPath
          d="M48 32C39.16 32 32 39.16 32 48V144C32 152.8 24.84 160 16 160C7.164 160 0 152.8 0 144V48C0 21.49 21.49 0 48 0H144C152.8 0 160 7.164 160 16C160 24.84 152.8 32 144 32H48zM160 144V368C160 376.8 152.8 384 144 384C135.2 384 128 376.8 128 368V144C128 135.2 135.2 128 144 128C152.8 128 160 135.2 160 144zM192 144C192 135.2 199.2 128 208 128C216.8 128 224 135.2 224 144V368C224 376.8 216.8 384 208 384C199.2 384 192 376.8 192 368V144zM416 144C416 135.2 423.2 128 432 128C440.8 128 448 135.2 448 144V368C448 376.8 440.8 384 432 384C423.2 384 416 376.8 416 368V144zM288 144V368C288 376.8 280.8 384 272 384C263.2 384 256 376.8 256 368V144C256 135.2 263.2 128 272 128C280.8 128 288 135.2 288 144zM336 144C336 135.2 343.2 128 352 128C360.8 128 368 135.2 368 144V368C368 376.8 360.8 384 352 384C343.2 384 336 376.8 336 368V144zM544 48C544 39.16 536.8 32 528 32H432C423.2 32 416 24.84 416 16C416 7.164 423.2 0 432 0H528C554.5 0 576 21.49 576 48V144C576 152.8 568.8 160 560 160C551.2 160 544 152.8 544 144V48zM144 480C152.8 480 160 487.2 160 496C160 504.8 152.8 512 144 512H48C21.49 512 0 490.5 0 464V368C0 359.2 7.164 352 16 352C24.84 352 32 359.2 32 368V464C32 472.8 39.16 480 48 480H144zM544 368C544 359.2 551.2 352 560 352C568.8 352 576 359.2 576 368V464C576 490.5 554.5 512 528 512H432C423.2 512 416 504.8 416 496C416 487.2 423.2 480 432 480H528C536.8 480 544 472.8 544 464V368z"
        />
      </RNSVGGroup>
    </RNSVGGroup>
  </RNSVGSvgView>
</View>
`;

exports[`VRIcon should render check icon correctly 1`] = `
<View
  style={{}}
  testID="vr-icon"
>
  <RNSVGSvgView
    align="xMidYMid"
    bbHeight="25"
    bbWidth="25"
    focusable={false}
    meetOrSlice={0}
    minX={0}
    minY={0}
    style={
      [
        {
          "backgroundColor": "transparent",
          "borderWidth": 0,
        },
        {
          "height": 25,
          "width": 25,
        },
        {
          "flex": 0,
          "height": 25,
          "width": 25,
        },
      ]
    }
    vbHeight={512}
    vbWidth={448}
  >
    <RNSVGGroup>
      <RNSVGGroup
        fill={
          {
            "payload": 4280032286,
            "type": 0,
          }
        }
        propList={
          [
            "fill",
          ]
        }
      >
        <RNSVGPath
          d="M443.3 100.7C449.6 106.9 449.6 117.1 443.3 123.3L171.3 395.3C165.1 401.6 154.9 401.6 148.7 395.3L4.686 251.3C-1.562 245.1-1.562 234.9 4.686 228.7C10.93 222.4 21.06 222.4 27.31 228.7L160 361.4L420.7 100.7C426.9 94.44 437.1 94.44 443.3 100.7H443.3z"
        />
      </RNSVGGroup>
    </RNSVGGroup>
  </RNSVGSvgView>
</View>
`;

exports[`VRIcon should render chevronRight icon correctly 1`] = `
<View
  style={{}}
  testID="vr-icon"
>
  <RNSVGSvgView
    align="xMidYMid"
    bbHeight="25"
    bbWidth="25"
    focusable={false}
    meetOrSlice={0}
    minX={0}
    minY={0}
    style={
      [
        {
          "backgroundColor": "transparent",
          "borderWidth": 0,
        },
        {
          "height": 25,
          "width": 25,
        },
        {
          "flex": 0,
          "height": 25,
          "width": 25,
        },
      ]
    }
    vbHeight={512}
    vbWidth={320}
  >
    <RNSVGGroup>
      <RNSVGGroup
        fill={
          {
            "payload": 4280032286,
            "type": 0,
          }
        }
        propList={
          [
            "fill",
          ]
        }
      >
        <RNSVGPath
          d="M85.14 475.8c-3.438-3.141-5.156-7.438-5.156-11.75c0-3.891 1.406-7.781 4.25-10.86l181.1-197.1L84.23 58.86c-6-6.5-5.625-16.64 .9062-22.61c6.5-6 16.59-5.594 22.59 .8906l192 208c5.688 6.156 5.688 15.56 0 21.72l-192 208C101.7 481.3 91.64 481.8 85.14 475.8z"
        />
      </RNSVGGroup>
    </RNSVGGroup>
  </RNSVGSvgView>
</View>
`;

exports[`VRIcon should render close icon correctly 1`] = `
<View
  style={{}}
  testID="vr-icon"
>
  <RNSVGSvgView
    align="xMidYMid"
    bbHeight="25"
    bbWidth="25"
    focusable={false}
    meetOrSlice={0}
    minX={0}
    minY={0}
    style={
      [
        {
          "backgroundColor": "transparent",
          "borderWidth": 0,
        },
        {
          "height": 25,
          "width": 25,
        },
        {
          "flex": 0,
          "height": 25,
          "width": 25,
        },
      ]
    }
    vbHeight={512}
    vbWidth={320}
  >
    <RNSVGGroup>
      <RNSVGGroup
        fill={
          {
            "payload": 4280032286,
            "type": 0,
          }
        }
        propList={
          [
            "fill",
          ]
        }
      >
        <RNSVGPath
          d="M315.3 411.3c-6.253 6.253-16.37 6.253-22.63 0L160 278.6l-132.7 132.7c-6.253 6.253-16.37 6.253-22.63 0c-6.253-6.253-6.253-16.37 0-22.63L137.4 256L4.69 123.3c-6.253-6.253-6.253-16.37 0-22.63c6.253-6.253 16.37-6.253 22.63 0L160 233.4l132.7-132.7c6.253-6.253 16.37-6.253 22.63 0c6.253 6.253 6.253 16.37 0 22.63L182.6 256l132.7 132.7C321.6 394.9 321.6 405.1 315.3 411.3z"
        />
      </RNSVGGroup>
    </RNSVGGroup>
  </RNSVGSvgView>
</View>
`;

exports[`VRIcon should render collection icon correctly 1`] = `
<View
  style={{}}
  testID="vr-icon"
>
  <RNSVGSvgView
    align="xMidYMid"
    bbHeight="25"
    bbWidth="25"
    focusable={false}
    meetOrSlice={0}
    minX={0}
    minY={0}
    style={
      [
        {
          "backgroundColor": "transparent",
          "borderWidth": 0,
        },
        {
          "height": 25,
          "width": 25,
        },
        {
          "flex": 0,
          "height": 25,
          "width": 25,
        },
      ]
    }
    vbHeight={512}
    vbWidth={640}
  >
    <RNSVGGroup>
      <RNSVGGroup
        fill={
          {
            "payload": 4280032286,
            "type": 0,
          }
        }
        propList={
          [
            "fill",
          ]
        }
      >
        <RNSVGPath
          d="M32 16C32 7.164 39.16 0 48 0H464C472.8 0 480 7.164 480 16C480 24.84 472.8 32 464 32H48C39.16 32 32 24.84 32 16zM16 80C16 71.16 23.16 64 32 64H480C488.8 64 496 71.16 496 80C496 88.84 488.8 96 480 96H32C23.16 96 16 88.84 16 80zM452.2 128C485.1 128 510.1 156.3 507.1 189.1L507.7 192.4C503.8 192.1 499.9 192 496 192C489.1 192 482.2 192.4 475.5 193.2L476.1 186.2C477.4 172.1 466.3 160 452.2 160H59.8C45.69 160 34.62 172.1 35.9 186.2L60.63 458.2C61.75 470.5 72.12 480 84.53 480H360.2C370.3 492.1 381.9 502.9 394.8 512H84.53C55.57 512 31.38 489.9 28.76 461.1L4.031 189.1C1.05 156.3 26.87 128 59.8 128L452.2 128zM256 192C304.1 192 348.8 209.6 378.1 237.3C370.2 244.5 362.9 252.4 356.3 260.9C334 239.3 299.3 223.1 256 223.1C178.3 223.1 128 273.3 128 319.1C128 366.7 178.3 416 256 416C281.7 416 304.4 410.6 323.2 401.7C325.3 412.4 328.3 422.7 332.2 432.6C309.6 442.4 283.6 448 256 448C167.6 448 96 390.7 96 319.1C96 249.3 167.6 191.1 256 191.1V192zM232 324C232 312.1 242.7 304 256 304C269.3 304 280 312.1 280 324C280 335 269.3 344 256 344C242.7 344 232 335 232 324zM440 344C440 313.1 465.1 288 496 288C526.9 288 552 313.1 552 344C552 374.9 526.9 400 496 400C465.1 400 440 374.9 440 344zM496 368C509.3 368 520 357.3 520 344C520 330.7 509.3 320 496 320C482.7 320 472 330.7 472 344C472 357.3 482.7 368 496 368zM640 368C640 447.5 575.5 512 496 512C416.5 512 352 447.5 352 368C352 288.5 416.5 224 496 224C575.5 224 640 288.5 640 368zM524.2 448H467.8C455.4 448 443.9 453.5 436 462.6C453.3 473.6 473.9 480 496 480C518.1 480 538.7 473.6 555.1 462.6C548.2 453.5 536.6 448 524.2 448H524.2zM608 368C608 306.1 557.9 256 496 256C434.1 256 384 306.1 384 368C384 396.2 394.5 422.1 411.7 441.8C425.6 425.6 445.9 416 467.8 416H524.2C546.1 416 566.4 425.6 580.3 441.8C597.5 422.1 608 396.2 608 368H608z"
        />
      </RNSVGGroup>
    </RNSVGGroup>
  </RNSVGSvgView>
</View>
`;

exports[`VRIcon should render desc icon correctly 1`] = `
<View
  style={{}}
  testID="vr-icon"
>
  <RNSVGSvgView
    align="xMidYMid"
    bbHeight="25"
    bbWidth="25"
    focusable={false}
    meetOrSlice={0}
    minX={0}
    minY={0}
    style={
      [
        {
          "backgroundColor": "transparent",
          "borderWidth": 0,
        },
        {
          "height": 25,
          "width": 25,
        },
        {
          "flex": 0,
          "height": 25,
          "width": 25,
        },
      ]
    }
    vbHeight={512}
    vbWidth={576}
  >
    <RNSVGGroup>
      <RNSVGGroup
        fill={
          {
            "payload": 4280032286,
            "type": 0,
          }
        }
        propList={
          [
            "fill",
          ]
        }
      >
        <RNSVGPath
          d="M368 432h-64c-8.844 0-15.1 7.156-15.1 16S295.2 464 304 464h64c8.844 0 16-7.156 16-16S376.8 432 368 432zM432 304h-128c-8.844 0-15.1 7.156-15.1 16S295.2 336 304 336h128c8.844 0 16-7.156 16-16S440.8 304 432 304zM496 176h-192c-8.844 0-15.1 7.156-15.1 16S295.2 208 304 208h192C504.8 208 512 200.8 512 192S504.8 176 496 176zM560 48h-256c-8.844 0-15.1 7.156-15.1 16S295.2 80 304 80h256C568.8 80 576 72.84 576 64S568.8 48 560 48zM224 352c-4.094 0-8.188 1.562-11.31 4.688L144 425.4V48C144 39.16 136.8 32 128 32S112 39.16 112 48v377.4l-68.69-68.69c-6.25-6.25-16.38-6.25-22.62 0s-6.25 16.38 0 22.62l96 96c6.25 6.25 16.38 6.25 22.62 0l96-96c6.25-6.25 6.25-16.38 0-22.62C232.2 353.6 228.1 352 224 352z"
        />
      </RNSVGGroup>
    </RNSVGGroup>
  </RNSVGSvgView>
</View>
`;

exports[`VRIcon should render error icon correctly 1`] = `
<View
  style={{}}
  testID="vr-icon"
>
  <RNSVGSvgView
    align="xMidYMid"
    bbHeight="25"
    bbWidth="25"
    focusable={false}
    meetOrSlice={0}
    minX={0}
    minY={0}
    style={
      [
        {
          "backgroundColor": "transparent",
          "borderWidth": 0,
        },
        {
          "height": 25,
          "width": 25,
        },
        {
          "flex": 0,
          "height": 25,
          "width": 25,
        },
      ]
    }
    vbHeight={512}
    vbWidth={512}
  >
    <RNSVGGroup>
      <RNSVGGroup
        fill={
          {
            "payload": 4280032286,
            "type": 0,
          }
        }
        propList={
          [
            "fill",
          ]
        }
      >
        <RNSVGPath
          d="M256 0C114.6 0 0 114.6 0 256s114.6 256 256 256s256-114.6 256-256S397.4 0 256 0zM256 480c-123.5 0-224-100.5-224-224s100.5-224 224-224s224 100.5 224 224S379.5 480 256 480zM256 304c8.844 0 16-7.156 16-16V128c0-8.844-7.156-16-16-16S240 119.2 240 128v160C240 296.8 247.2 304 256 304zM256 344c-13.25 0-24 10.75-24 24s10.75 24 24 24s24-10.75 24-24S269.3 344 256 344z"
        />
      </RNSVGGroup>
    </RNSVGGroup>
  </RNSVGSvgView>
</View>
`;

exports[`VRIcon should render filter icon correctly 1`] = `
<View
  style={{}}
  testID="vr-icon"
>
  <RNSVGSvgView
    align="xMidYMid"
    bbHeight="25"
    bbWidth="25"
    focusable={false}
    meetOrSlice={0}
    minX={0}
    minY={0}
    style={
      [
        {
          "backgroundColor": "transparent",
          "borderWidth": 0,
        },
        {
          "height": 25,
          "width": 25,
        },
        {
          "flex": 0,
          "height": 25,
          "width": 25,
        },
      ]
    }
    vbHeight={512}
    vbWidth={512}
  >
    <RNSVGGroup>
      <RNSVGGroup
        fill={
          {
            "payload": 4280032286,
            "type": 0,
          }
        }
        propList={
          [
            "fill",
          ]
        }
      >
        <RNSVGPath
          d="M0 416C0 407.2 7.164 400 16 400H81.6C89.01 363.5 121.3 336 160 336C198.7 336 230.1 363.5 238.4 400H496C504.8 400 512 407.2 512 416C512 424.8 504.8 432 496 432H238.4C230.1 468.5 198.7 496 160 496C121.3 496 89.01 468.5 81.6 432H16C7.164 432 0 424.8 0 416V416zM208 416C208 389.5 186.5 368 160 368C133.5 368 112 389.5 112 416C112 442.5 133.5 464 160 464C186.5 464 208 442.5 208 416zM352 176C390.7 176 422.1 203.5 430.4 240H496C504.8 240 512 247.2 512 256C512 264.8 504.8 272 496 272H430.4C422.1 308.5 390.7 336 352 336C313.3 336 281 308.5 273.6 272H16C7.164 272 0 264.8 0 256C0 247.2 7.164 240 16 240H273.6C281 203.5 313.3 176 352 176zM400 256C400 229.5 378.5 208 352 208C325.5 208 304 229.5 304 256C304 282.5 325.5 304 352 304C378.5 304 400 282.5 400 256zM496 80C504.8 80 512 87.16 512 96C512 104.8 504.8 112 496 112H270.4C262.1 148.5 230.7 176 192 176C153.3 176 121 148.5 113.6 112H16C7.164 112 0 104.8 0 96C0 87.16 7.164 80 16 80H113.6C121 43.48 153.3 16 192 16C230.7 16 262.1 43.48 270.4 80H496zM144 96C144 122.5 165.5 144 192 144C218.5 144 240 122.5 240 96C240 69.49 218.5 48 192 48C165.5 48 144 69.49 144 96z"
        />
      </RNSVGGroup>
    </RNSVGGroup>
  </RNSVGSvgView>
</View>
`;

exports[`VRIcon should render flashlight icon correctly 1`] = `
<View
  style={{}}
  testID="vr-icon"
>
  <RNSVGSvgView
    align="xMidYMid"
    bbHeight="25"
    bbWidth="25"
    focusable={false}
    meetOrSlice={0}
    minX={0}
    minY={0}
    style={
      [
        {
          "backgroundColor": "transparent",
          "borderWidth": 0,
        },
        {
          "height": 25,
          "transform": [
            {
              "rotate": "-90deg",
            },
          ],
          "width": 25,
        },
        {
          "flex": 0,
          "height": 25,
          "width": 25,
        },
      ]
    }
    vbHeight={512}
    vbWidth={640}
  >
    <RNSVGGroup
      matrix={
        [
          1,
          0,
          0,
          1,
          0,
          0,
        ]
      }
    >
      <RNSVGGroup
        fill={
          {
            "payload": 4280032286,
            "type": 0,
          }
        }
        propList={
          [
            "fill",
          ]
        }
      >
        <RNSVGPath
          d="M288 208H256C229.5 208 208 229.5 208 256S229.5 304 256 304h32c26.5 0 48-21.5 48-48S314.5 208 288 208zM287.1 272H255.1c-8.875 0-16-7.125-16-16c0-8.875 7.125-16 16-16h32c8.875 0 16 7.125 16 16C303.1 264.9 296.9 272 287.1 272zM607.1 96h-32c-59 0-116.5 17-166.6 48H64c-35.38 0-64 28.62-64 64v96c0 35.38 28.62 64 64 64h345.4c50.13 31 107.6 48 166.6 48h32c17.62 0 32-14.38 32-32V128C639.1 110.4 625.6 96 607.1 96zM512 376.5c-30.38-7.25-59.25-19.25-85.75-35.75L418.5 336H63.1C46.37 336 32 321.6 32 304v-96c0-17.62 14.37-32 31.1-32H418.5l7.75-4.75C452.8 154.8 481.6 142.8 512 135.5V376.5zM608 384h-32c-10.75 0-21.38-.625-32-1.875v-252.2C554.6 128.6 565.3 128 576 128h32V384z"
        />
      </RNSVGGroup>
    </RNSVGGroup>
  </RNSVGSvgView>
</View>
`;

exports[`VRIcon should render folder icon correctly 1`] = `
<View
  style={{}}
  testID="vr-icon"
>
  <RNSVGSvgView
    align="xMidYMid"
    bbHeight="25"
    bbWidth="25"
    focusable={false}
    meetOrSlice={0}
    minX={0}
    minY={0}
    style={
      [
        {
          "backgroundColor": "transparent",
          "borderWidth": 0,
        },
        {
          "height": 25,
          "width": 25,
        },
        {
          "flex": 0,
          "height": 25,
          "width": 25,
        },
      ]
    }
    vbHeight={512}
    vbWidth={512}
  >
    <RNSVGGroup>
      <RNSVGGroup
        fill={
          {
            "payload": 4280032286,
            "type": 0,
          }
        }
        propList={
          [
            "fill",
          ]
        }
      >
        <RNSVGPath
          d="M448 96h-176L226.7 50.75C214.7 38.74 198.5 32 181.5 32H64C28.65 32 0 60.66 0 96v320c0 35.34 28.65 64 64 64h384c35.35 0 64-28.66 64-64V160C512 124.7 483.3 96 448 96zM480 416c0 17.64-14.36 32-32 32H64c-17.64 0-32-14.36-32-32V96c0-17.64 14.36-32 32-32h117.5c8.549 0 16.58 3.328 22.63 9.375L258.7 128H448c17.64 0 32 14.36 32 32V416zM352.1 232c-4.438-7.656-14.22-10.31-21.86-5.844l-15.56 8.98C304.3 222.4 289.3 213.1 272 209.6V192c0-8.844-7.156-16-16-16S240 183.2 240 192v17.62C222.7 213.1 207.7 222.4 196.4 235.1L180.9 226.2C173.2 221.7 163.4 224.3 159 232S157.2 249.4 164.9 253.8L180.4 262.8C177.8 270.8 176 279.2 176 288s1.785 17.2 4.445 25.16l-15.59 8.996C157.2 326.6 154.6 336.3 159 344C161.1 349.1 167.3 352 172.9 352c2.719 0 5.469-.6875 7.984-2.156l15.56-8.98c11.29 12.71 26.31 22 43.58 25.52V384c0 8.844 7.156 16 16 16s16-7.156 16-16v-17.62c17.27-3.52 32.3-12.81 43.58-25.52l15.56 8.98C333.7 351.3 336.4 352 339.1 352c5.531 0 10.9-2.875 13.87-8c4.422-7.656 1.8-17.44-5.856-21.84L331.6 313.2C334.2 305.2 336 296.8 336 288s-1.785-17.2-4.445-25.16l15.59-8.996C354.8 249.4 357.4 239.7 352.1 232zM256 336c-26.47 0-48-21.53-48-48S229.5 240 256 240s48 21.53 48 48S282.5 336 256 336z"
        />
      </RNSVGGroup>
    </RNSVGGroup>
  </RNSVGSvgView>
</View>
`;

exports[`VRIcon should render home icon correctly 1`] = `
<View
  style={{}}
  testID="vr-icon"
>
  <RNSVGSvgView
    align="xMidYMid"
    bbHeight="25"
    bbWidth="25"
    focusable={false}
    meetOrSlice={0}
    minX={0}
    minY={0}
    style={
      [
        {
          "backgroundColor": "transparent",
          "borderWidth": 0,
        },
        {
          "height": 25,
          "width": 25,
        },
        {
          "flex": 0,
          "height": 25,
          "width": 25,
        },
      ]
    }
    vbHeight={512}
    vbWidth={448}
  >
    <RNSVGGroup>
      <RNSVGGroup
        fill={
          {
            "payload": 4280032286,
            "type": 0,
          }
        }
        propList={
          [
            "fill",
          ]
        }
      >
        <RNSVGPath
          d="M224 256c70.7 0 128-57.31 128-128s-57.3-128-128-128C153.3 0 96 57.31 96 128S153.3 256 224 256zM224 32c52.94 0 96 43.06 96 96c0 52.93-43.06 96-96 96S128 180.9 128 128C128 75.06 171.1 32 224 32zM274.7 304H173.3C77.61 304 0 381.6 0 477.3c0 19.14 15.52 34.67 34.66 34.67h378.7C432.5 512 448 496.5 448 477.3C448 381.6 370.4 304 274.7 304zM413.3 480H34.66C33.2 480 32 478.8 32 477.3C32 399.4 95.4 336 173.3 336h101.3C352.6 336 416 399.4 416 477.3C416 478.8 414.8 480 413.3 480z"
        />
      </RNSVGGroup>
    </RNSVGGroup>
  </RNSVGSvgView>
</View>
`;

exports[`VRIcon should render music icon correctly 1`] = `
<View
  style={{}}
  testID="vr-icon"
>
  <RNSVGSvgView
    align="xMidYMid"
    bbHeight="25"
    bbWidth="25"
    focusable={false}
    meetOrSlice={0}
    minX={0}
    minY={0}
    style={
      [
        {
          "backgroundColor": "transparent",
          "borderWidth": 0,
        },
        {
          "height": 25,
          "width": 25,
        },
        {
          "flex": 0,
          "height": 25,
          "width": 25,
        },
      ]
    }
    vbHeight={512}
    vbWidth={512}
  >
    <RNSVGGroup>
      <RNSVGGroup
        fill={
          {
            "payload": 4280032286,
            "type": 0,
          }
        }
        propList={
          [
            "fill",
          ]
        }
      >
        <RNSVGPath
          d="M481.5 0c-3.25 0-6.375 .5-9.25 1.5l-290.9 96C168.8 101.8 160 114 160 128v244.8C143 360 120.7 352 95.1 352C42.1 352 0 387.8 0 432S42.1 512 95.1 512s95.1-35.7 95.1-79.95L192 256l288-96v148.8C463 296 440.7 288 415.1 288c-53 0-95.1 35.75-95.1 79.1s42.1 79.1 95.1 79.1s95.1-35.75 95.1-80L512 31.99C512 13.74 497.8 0 481.5 0zM96 480c-34.75 0-64-21.1-64-48C32 406 61.25 384 96 384s64 22 64 48C160 458 130.8 480 96 480zM416 416c-34.75 0-64-21.1-64-48c0-25.1 29.25-48 64-48s64 22 64 48C480 394 450.8 416 416 416zM480 126.2l-288 96V128H191.5L480 32.62V126.2z"
        />
      </RNSVGGroup>
    </RNSVGGroup>
  </RNSVGSvgView>
</View>
`;

exports[`VRIcon should render questionMark icon correctly 1`] = `
<View
  style={{}}
  testID="vr-icon"
>
  <RNSVGSvgView
    align="xMidYMid"
    bbHeight="25"
    bbWidth="25"
    focusable={false}
    meetOrSlice={0}
    minX={0}
    minY={0}
    style={
      [
        {
          "backgroundColor": "transparent",
          "borderWidth": 0,
        },
        {
          "height": 25,
          "width": 25,
        },
        {
          "flex": 0,
          "height": 25,
          "width": 25,
        },
      ]
    }
    vbHeight={512}
    vbWidth={512}
  >
    <RNSVGGroup>
      <RNSVGGroup
        fill={
          {
            "payload": 4280032286,
            "type": 0,
          }
        }
        propList={
          [
            "fill",
          ]
        }
      >
        <RNSVGPath
          d="M256 0C114.6 0 0 114.6 0 256s114.6 256 256 256s256-114.6 256-256S397.4 0 256 0zM256 480c-123.5 0-224-100.5-224-224s100.5-224 224-224s224 100.5 224 224S379.5 480 256 480zM240 344c-13.25 0-24 10.75-24 24s10.75 24 24 24s24-10.75 24-24S253.3 344 240 344zM285.6 128H226.4C189.8 128 160 157.8 160 194.4V204c0 8.844 7.156 16 16 16S192 212.8 192 204V194.4C192 175.4 207.4 160 226.4 160h59.25C304.6 160 320 175.4 320 194.4c0 12.48-6.781 24-17.06 29.72L242.5 254.3C231.1 260.7 224 272.7 224 285.8V304C224 312.8 231.2 320 240 320S256 312.8 256 304V285.8c0-1.453 .7813-2.797 1.438-3.172l60.41-30.22C338.9 240.7 352 218.5 352 194.4C352 157.8 322.2 128 285.6 128z"
        />
      </RNSVGGroup>
    </RNSVGGroup>
  </RNSVGSvgView>
</View>
`;

exports[`VRIcon should render search icon correctly 1`] = `
<View
  style={{}}
  testID="vr-icon"
>
  <RNSVGSvgView
    align="xMidYMid"
    bbHeight="25"
    bbWidth="25"
    focusable={false}
    meetOrSlice={0}
    minX={0}
    minY={0}
    style={
      [
        {
          "backgroundColor": "transparent",
          "borderWidth": 0,
        },
        {
          "height": 25,
          "width": 25,
        },
        {
          "flex": 0,
          "height": 25,
          "width": 25,
        },
      ]
    }
    vbHeight={512}
    vbWidth={512}
  >
    <RNSVGGroup>
      <RNSVGGroup
        fill={
          {
            "payload": 4280032286,
            "type": 0,
          }
        }
        propList={
          [
            "fill",
          ]
        }
      >
        <RNSVGPath
          d="M507.3 484.7l-141.5-141.5C397 306.8 415.1 259.7 415.1 208c0-114.9-93.13-208-208-208S-.0002 93.13-.0002 208S93.12 416 207.1 416c51.68 0 98.85-18.96 135.2-50.15l141.5 141.5C487.8 510.4 491.9 512 496 512s8.188-1.562 11.31-4.688C513.6 501.1 513.6 490.9 507.3 484.7zM208 384C110.1 384 32 305 32 208S110.1 32 208 32S384 110.1 384 208S305 384 208 384z"
        />
      </RNSVGGroup>
    </RNSVGGroup>
  </RNSVGSvgView>
</View>
`;

exports[`VRIcon should render sort icon correctly 1`] = `
<View
  style={{}}
  testID="vr-icon"
>
  <RNSVGSvgView
    align="xMidYMid"
    bbHeight="25"
    bbWidth="25"
    focusable={false}
    meetOrSlice={0}
    minX={0}
    minY={0}
    style={
      [
        {
          "backgroundColor": "transparent",
          "borderWidth": 0,
        },
        {
          "height": 25,
          "width": 25,
        },
        {
          "flex": 0,
          "height": 25,
          "width": 25,
        },
      ]
    }
    vbHeight={512}
    vbWidth={320}
  >
    <RNSVGGroup>
      <RNSVGGroup
        fill={
          {
            "payload": 4280032286,
            "type": 0,
          }
        }
        propList={
          [
            "fill",
          ]
        }
      >
        <RNSVGPath
          d="M287.1 288h-255.9c-28.36 0-42.73 34.5-22.62 54.63l127.1 128c12.5 12.5 32.86 12.5 45.36 0l127.1-128C330.7 322.5 316.3 288 287.1 288zM160 448L32.05 320h255.9L160 448zM32.05 224h255.9c28.36 0 42.73-34.5 22.62-54.62l-127.1-128c-12.5-12.5-32.86-12.5-45.36 0L9.304 169.4C-10.69 189.5 3.682 224 32.05 224zM160 63.97L287.1 192h-255.9L160 63.97z"
        />
      </RNSVGGroup>
    </RNSVGGroup>
  </RNSVGSvgView>
</View>
`;

exports[`VRIcon should render starEmpty icon correctly 1`] = `
<View
  style={{}}
  testID="vr-icon"
>
  <RNSVGSvgView
    align="xMidYMid"
    bbHeight="25"
    bbWidth="25"
    focusable={false}
    meetOrSlice={0}
    minX={0}
    minY={0}
    style={
      [
        {
          "backgroundColor": "transparent",
          "borderWidth": 0,
        },
        {
          "height": 25,
          "marginHorizontal": -2,
          "marginTop": -2,
          "width": 25,
        },
        {
          "flex": 0,
          "height": 25,
          "width": 25,
        },
      ]
    }
    vbHeight={48}
    vbWidth={48}
  >
    <RNSVGGroup>
      <RNSVGGroup
        fill={
          {
            "payload": 4280032286,
            "type": 0,
          }
        }
        propList={
          [
            "fill",
          ]
        }
      >
        <RNSVGPath
          d="m16.15 37.75 7.85-4.7 7.85 4.75-2.1-8.9 6.9-6-9.1-.8L24 13.7l-3.55 8.35-9.1.8 6.9 6ZM11.65 44l3.25-14.05L4 20.5l14.4-1.25L24 6l5.6 13.25L44 20.5l-10.9 9.45L36.35 44 24 36.55ZM24 26.25Z"
        />
      </RNSVGGroup>
    </RNSVGGroup>
  </RNSVGSvgView>
</View>
`;

exports[`VRIcon should render starFull icon correctly 1`] = `
<View
  style={{}}
  testID="vr-icon"
>
  <RNSVGSvgView
    align="xMidYMid"
    bbHeight="25"
    bbWidth="25"
    focusable={false}
    meetOrSlice={0}
    minX={0}
    minY={0}
    style={
      [
        {
          "backgroundColor": "transparent",
          "borderWidth": 0,
        },
        {
          "height": 25,
          "marginHorizontal": -2,
          "marginTop": -2,
          "width": 25,
        },
        {
          "flex": 0,
          "height": 25,
          "width": 25,
        },
      ]
    }
    vbHeight={48}
    vbWidth={48}
  >
    <RNSVGGroup>
      <RNSVGGroup
        fill={
          {
            "payload": 4280032286,
            "type": 0,
          }
        }
        propList={
          [
            "fill",
          ]
        }
      >
        <RNSVGPath
          d="m11.65 44 3.25-14.05L4 20.5l14.4-1.25L24 6l5.6 13.25L44 20.5l-10.9 9.45L36.35 44 24 36.55Z"
        />
      </RNSVGGroup>
    </RNSVGGroup>
  </RNSVGSvgView>
</View>
`;

exports[`VRIcon should render starHalf icon correctly 1`] = `
<View
  style={{}}
  testID="vr-icon"
>
  <RNSVGSvgView
    align="xMidYMid"
    bbHeight="25"
    bbWidth="25"
    focusable={false}
    meetOrSlice={0}
    minX={0}
    minY={0}
    style={
      [
        {
          "backgroundColor": "transparent",
          "borderWidth": 0,
        },
        {
          "height": 25,
          "marginHorizontal": -2,
          "marginTop": -2,
          "width": 25,
        },
        {
          "flex": 0,
          "height": 25,
          "width": 25,
        },
      ]
    }
    vbHeight={48}
    vbWidth={48}
  >
    <RNSVGGroup>
      <RNSVGGroup
        fill={
          {
            "payload": 4280032286,
            "type": 0,
          }
        }
        propList={
          [
            "fill",
          ]
        }
      >
        <RNSVGPath
          d="M24 13.7v19.35l7.85 4.75-2.1-8.9 6.9-6-9.1-.8ZM11.65 44l3.25-14.05L4 20.5l14.4-1.25L24 6l5.6 13.25L44 20.5l-10.9 9.45L36.35 44 24 36.55Z"
        />
      </RNSVGGroup>
    </RNSVGGroup>
  </RNSVGSvgView>
</View>
`;

exports[`VRIcon should render want icon correctly 1`] = `
<View
  style={{}}
  testID="vr-icon"
>
  <RNSVGSvgView
    align="xMidYMid"
    bbHeight="25"
    bbWidth="25"
    focusable={false}
    meetOrSlice={0}
    minX={0}
    minY={0}
    style={
      [
        {
          "backgroundColor": "transparent",
          "borderWidth": 0,
        },
        {
          "height": 25,
          "width": 25,
        },
        {
          "flex": 0,
          "height": 25,
          "width": 25,
        },
      ]
    }
    vbHeight={512}
    vbWidth={640}
  >
    <RNSVGGroup>
      <RNSVGGroup
        fill={
          {
            "payload": 4280032286,
            "type": 0,
          }
        }
        propList={
          [
            "fill",
          ]
        }
      >
        <RNSVGPath
          d="M574.7 78.44C545.2 48.06 509.6 32 472 32c-67.08 0-124.9 52.84-151.9 128.8C308.1 128.1 292.3 100.7 270.7 78.44C241.2 48.06 205.6 32 168 32C75.38 32 0 132.5 0 256s75.38 224 168 224c67.2 0 125.2-53.02 152-129.2C346.8 426.1 404.8 480 472 480C564.6 480 640 379.5 640 256C640 185.8 616.2 121.1 574.7 78.44zM32 288c0-26.47 21.53-48 48-48S128 261.5 128 288s-21.53 48-48 48S32 314.5 32 288zM168 448c-46.61 0-87.78-33.29-112.3-83.88C63.38 366.6 71.52 368 80 368C124.1 368 160 332.1 160 288S124.1 208 80 208c-18.64 0-34.14 6.664-46.1 17.38C44.33 134 100.4 64 168 64c28.78 0 56.38 12.72 79.75 36.75C282.1 136.1 304 195 304 256C304 361.9 243 448 168 448zM336 288c0-26.47 21.53-48 48-48s48 21.53 48 48s-21.53 48-48 48S336 314.5 336 288zM472 448c-46.72 0-87.99-33.44-112.5-84.23C367.3 366.3 375.4 368 384 368c44.13 0 80-35.88 80-80S428.1 208 384 208c-17.06 0-32.8 5.457-45.8 14.58C349.5 132.6 405.1 64 472 64c28.78 0 56.38 12.72 79.75 36.75C586.1 136.1 608 195 608 256C608 361.9 547 448 472 448z"
        />
      </RNSVGGroup>
    </RNSVGGroup>
  </RNSVGSvgView>
</View>
`;

exports[`VRIcon should render warning icon correctly 1`] = `
<View
  style={{}}
  testID="vr-icon"
>
  <RNSVGSvgView
    align="xMidYMid"
    bbHeight="25"
    bbWidth="25"
    focusable={false}
    meetOrSlice={0}
    minX={0}
    minY={0}
    style={
      [
        {
          "backgroundColor": "transparent",
          "borderWidth": 0,
        },
        {
          "height": 25,
          "width": 25,
        },
        {
          "flex": 0,
          "height": 25,
          "width": 25,
        },
      ]
    }
    vbHeight={512}
    vbWidth={512}
  >
    <RNSVGGroup>
      <RNSVGGroup
        fill={
          {
            "payload": 4280032286,
            "type": 0,
          }
        }
        propList={
          [
            "fill",
          ]
        }
      >
        <RNSVGPath
          d="M256 360c-13.25 0-23.1 10.74-23.1 24c0 13.25 10.75 24 23.1 24c13.25 0 23.1-10.75 23.1-24C280 370.7 269.3 360 256 360zM256 320c8.843 0 15.1-7.156 15.1-16V160c0-8.844-7.155-16-15.1-16S240 151.2 240 160v144C240 312.8 247.2 320 256 320zM504.3 397.3L304.5 59.38C294.4 42.27 276.2 32.03 256 32C235.8 32 217.7 42.22 207.5 59.36l-199.9 338c-10.05 16.97-10.2 37.34-.4218 54.5C17.29 469.5 35.55 480 56.1 480h399.9c20.51 0 38.75-10.53 48.81-28.17C514.6 434.7 514.4 414.3 504.3 397.3zM476.1 435.1C472.7 443.5 464.8 448 455.1 448H56.1c-8.906 0-16.78-4.484-21.08-12c-4.078-7.156-4.015-15.3 .1562-22.36L235.1 75.66C239.4 68.36 247.2 64 256 64c0 0-.0156 0 0 0c8.765 .0156 16.56 4.359 20.86 11.64l199.9 338C480.1 420.7 481.1 428.8 476.1 435.1z"
        />
      </RNSVGGroup>
    </RNSVGGroup>
  </RNSVGSvgView>
</View>
`;
