// Jest Snapshot v1, https://goo.gl/fbAQLP

exports[`VRRatingsStars should render correctly for 0 stars 1`] = `
<View
  appearance="default"
  level="1"
  style={
    [
      {
        "backgroundColor": "#222B45",
      },
      {
        "flexDirection": "row",
      },
    ]
  }
>
  <View
    appearance="default"
    level="1"
    style={
      [
        {
          "backgroundColor": "#222B45",
        },
        {},
      ]
    }
    testID="vr-icon"
  >
    <RNSVGSvgView
      align="xMidYMid"
      bbHeight="25"
      bbWidth="25"
      focusable={false}
      meetOrSlice={0}
      minX={0}
      minY={0}
      style={
        [
          {
            "backgroundColor": "transparent",
            "borderWidth": 0,
          },
          {
            "height": 25,
            "marginHorizontal": -2,
            "marginTop": -2,
            "width": 25,
          },
          {
            "flex": 0,
            "height": 25,
            "width": 25,
          },
        ]
      }
      vbHeight={48}
      vbWidth={48}
    >
      <RNSVGGroup
        fill={
          {
            "payload": 4278190080,
            "type": 0,
          }
        }
      >
        <RNSVGGroup
          fill={
            {
              "payload": 4294743098,
              "type": 0,
            }
          }
          propList={
            [
              "fill",
            ]
          }
        >
          <RNSVGPath
            d="m16.15 37.75 7.85-4.7 7.85 4.75-2.1-8.9 6.9-6-9.1-.8L24 13.7l-3.55 8.35-9.1.8 6.9 6ZM11.65 44l3.25-14.05L4 20.5l14.4-1.25L24 6l5.6 13.25L44 20.5l-10.9 9.45L36.35 44 24 36.55ZM24 26.25Z"
            fill={
              {
                "payload": 4278190080,
                "type": 0,
              }
            }
          />
        </RNSVGGroup>
      </RNSVGGroup>
    </RNSVGSvgView>
  </View>
  <View
    appearance="default"
    level="1"
    style={
      [
        {
          "backgroundColor": "#222B45",
        },
        {},
      ]
    }
    testID="vr-icon"
  >
    <RNSVGSvgView
      align="xMidYMid"
      bbHeight="25"
      bbWidth="25"
      focusable={false}
      meetOrSlice={0}
      minX={0}
      minY={0}
      style={
        [
          {
            "backgroundColor": "transparent",
            "borderWidth": 0,
          },
          {
            "height": 25,
            "marginHorizontal": -2,
            "marginTop": -2,
            "width": 25,
          },
          {
            "flex": 0,
            "height": 25,
            "width": 25,
          },
        ]
      }
      vbHeight={48}
      vbWidth={48}
    >
      <RNSVGGroup
        fill={
          {
            "payload": 4278190080,
            "type": 0,
          }
        }
      >
        <RNSVGGroup
          fill={
            {
              "payload": 4294743098,
              "type": 0,
            }
          }
          propList={
            [
              "fill",
            ]
          }
        >
          <RNSVGPath
            d="m16.15 37.75 7.85-4.7 7.85 4.75-2.1-8.9 6.9-6-9.1-.8L24 13.7l-3.55 8.35-9.1.8 6.9 6ZM11.65 44l3.25-14.05L4 20.5l14.4-1.25L24 6l5.6 13.25L44 20.5l-10.9 9.45L36.35 44 24 36.55ZM24 26.25Z"
            fill={
              {
                "payload": 4278190080,
                "type": 0,
              }
            }
          />
        </RNSVGGroup>
      </RNSVGGroup>
    </RNSVGSvgView>
  </View>
  <View
    appearance="default"
    level="1"
    style={
      [
        {
          "backgroundColor": "#222B45",
        },
        {},
      ]
    }
    testID="vr-icon"
  >
    <RNSVGSvgView
      align="xMidYMid"
      bbHeight="25"
      bbWidth="25"
      focusable={false}
      meetOrSlice={0}
      minX={0}
      minY={0}
      style={
        [
          {
            "backgroundColor": "transparent",
            "borderWidth": 0,
          },
          {
            "height": 25,
            "marginHorizontal": -2,
            "marginTop": -2,
            "width": 25,
          },
          {
            "flex": 0,
            "height": 25,
            "width": 25,
          },
        ]
      }
      vbHeight={48}
      vbWidth={48}
    >
      <RNSVGGroup
        fill={
          {
            "payload": 4278190080,
            "type": 0,
          }
        }
      >
        <RNSVGGroup
          fill={
            {
              "payload": 4294743098,
              "type": 0,
            }
          }
          propList={
            [
              "fill",
            ]
          }
        >
          <RNSVGPath
            d="m16.15 37.75 7.85-4.7 7.85 4.75-2.1-8.9 6.9-6-9.1-.8L24 13.7l-3.55 8.35-9.1.8 6.9 6ZM11.65 44l3.25-14.05L4 20.5l14.4-1.25L24 6l5.6 13.25L44 20.5l-10.9 9.45L36.35 44 24 36.55ZM24 26.25Z"
            fill={
              {
                "payload": 4278190080,
                "type": 0,
              }
            }
          />
        </RNSVGGroup>
      </RNSVGGroup>
    </RNSVGSvgView>
  </View>
  <View
    appearance="default"
    level="1"
    style={
      [
        {
          "backgroundColor": "#222B45",
        },
        {},
      ]
    }
    testID="vr-icon"
  >
    <RNSVGSvgView
      align="xMidYMid"
      bbHeight="25"
      bbWidth="25"
      focusable={false}
      meetOrSlice={0}
      minX={0}
      minY={0}
      style={
        [
          {
            "backgroundColor": "transparent",
            "borderWidth": 0,
          },
          {
            "height": 25,
            "marginHorizontal": -2,
            "marginTop": -2,
            "width": 25,
          },
          {
            "flex": 0,
            "height": 25,
            "width": 25,
          },
        ]
      }
      vbHeight={48}
      vbWidth={48}
    >
      <RNSVGGroup
        fill={
          {
            "payload": 4278190080,
            "type": 0,
          }
        }
      >
        <RNSVGGroup
          fill={
            {
              "payload": 4294743098,
              "type": 0,
            }
          }
          propList={
            [
              "fill",
            ]
          }
        >
          <RNSVGPath
            d="m16.15 37.75 7.85-4.7 7.85 4.75-2.1-8.9 6.9-6-9.1-.8L24 13.7l-3.55 8.35-9.1.8 6.9 6ZM11.65 44l3.25-14.05L4 20.5l14.4-1.25L24 6l5.6 13.25L44 20.5l-10.9 9.45L36.35 44 24 36.55ZM24 26.25Z"
            fill={
              {
                "payload": 4278190080,
                "type": 0,
              }
            }
          />
        </RNSVGGroup>
      </RNSVGGroup>
    </RNSVGSvgView>
  </View>
  <View
    appearance="default"
    level="1"
    style={
      [
        {
          "backgroundColor": "#222B45",
        },
        {},
      ]
    }
    testID="vr-icon"
  >
    <RNSVGSvgView
      align="xMidYMid"
      bbHeight="25"
      bbWidth="25"
      focusable={false}
      meetOrSlice={0}
      minX={0}
      minY={0}
      style={
        [
          {
            "backgroundColor": "transparent",
            "borderWidth": 0,
          },
          {
            "height": 25,
            "marginHorizontal": -2,
            "marginTop": -2,
            "width": 25,
          },
          {
            "flex": 0,
            "height": 25,
            "width": 25,
          },
        ]
      }
      vbHeight={48}
      vbWidth={48}
    >
      <RNSVGGroup
        fill={
          {
            "payload": 4278190080,
            "type": 0,
          }
        }
      >
        <RNSVGGroup
          fill={
            {
              "payload": 4294743098,
              "type": 0,
            }
          }
          propList={
            [
              "fill",
            ]
          }
        >
          <RNSVGPath
            d="m16.15 37.75 7.85-4.7 7.85 4.75-2.1-8.9 6.9-6-9.1-.8L24 13.7l-3.55 8.35-9.1.8 6.9 6ZM11.65 44l3.25-14.05L4 20.5l14.4-1.25L24 6l5.6 13.25L44 20.5l-10.9 9.45L36.35 44 24 36.55ZM24 26.25Z"
            fill={
              {
                "payload": 4278190080,
                "type": 0,
              }
            }
          />
        </RNSVGGroup>
      </RNSVGGroup>
    </RNSVGSvgView>
  </View>
</View>
`;

exports[`VRRatingsStars should render correctly for 3.5 stars 1`] = `
<View
  appearance="default"
  level="1"
  style={
    [
      {
        "backgroundColor": "#222B45",
      },
      {
        "flexDirection": "row",
      },
    ]
  }
>
  <View
    appearance="default"
    level="1"
    style={
      [
        {
          "backgroundColor": "#222B45",
        },
        {},
      ]
    }
    testID="vr-icon"
  >
    <RNSVGSvgView
      align="xMidYMid"
      bbHeight="25"
      bbWidth="25"
      focusable={false}
      meetOrSlice={0}
      minX={0}
      minY={0}
      style={
        [
          {
            "backgroundColor": "transparent",
            "borderWidth": 0,
          },
          {
            "height": 25,
            "marginHorizontal": -2,
            "marginTop": -2,
            "width": 25,
          },
          {
            "flex": 0,
            "height": 25,
            "width": 25,
          },
        ]
      }
      vbHeight={48}
      vbWidth={48}
    >
      <RNSVGGroup
        fill={
          {
            "payload": 4278190080,
            "type": 0,
          }
        }
      >
        <RNSVGGroup
          fill={
            {
              "payload": 4294743098,
              "type": 0,
            }
          }
          propList={
            [
              "fill",
            ]
          }
        >
          <RNSVGPath
            d="m11.65 44 3.25-14.05L4 20.5l14.4-1.25L24 6l5.6 13.25L44 20.5l-10.9 9.45L36.35 44 24 36.55Z"
            fill={
              {
                "payload": 4278190080,
                "type": 0,
              }
            }
          />
        </RNSVGGroup>
      </RNSVGGroup>
    </RNSVGSvgView>
  </View>
  <View
    appearance="default"
    level="1"
    style={
      [
        {
          "backgroundColor": "#222B45",
        },
        {},
      ]
    }
    testID="vr-icon"
  >
    <RNSVGSvgView
      align="xMidYMid"
      bbHeight="25"
      bbWidth="25"
      focusable={false}
      meetOrSlice={0}
      minX={0}
      minY={0}
      style={
        [
          {
            "backgroundColor": "transparent",
            "borderWidth": 0,
          },
          {
            "height": 25,
            "marginHorizontal": -2,
            "marginTop": -2,
            "width": 25,
          },
          {
            "flex": 0,
            "height": 25,
            "width": 25,
          },
        ]
      }
      vbHeight={48}
      vbWidth={48}
    >
      <RNSVGGroup
        fill={
          {
            "payload": 4278190080,
            "type": 0,
          }
        }
      >
        <RNSVGGroup
          fill={
            {
              "payload": 4294743098,
              "type": 0,
            }
          }
          propList={
            [
              "fill",
            ]
          }
        >
          <RNSVGPath
            d="m11.65 44 3.25-14.05L4 20.5l14.4-1.25L24 6l5.6 13.25L44 20.5l-10.9 9.45L36.35 44 24 36.55Z"
            fill={
              {
                "payload": 4278190080,
                "type": 0,
              }
            }
          />
        </RNSVGGroup>
      </RNSVGGroup>
    </RNSVGSvgView>
  </View>
  <View
    appearance="default"
    level="1"
    style={
      [
        {
          "backgroundColor": "#222B45",
        },
        {},
      ]
    }
    testID="vr-icon"
  >
    <RNSVGSvgView
      align="xMidYMid"
      bbHeight="25"
      bbWidth="25"
      focusable={false}
      meetOrSlice={0}
      minX={0}
      minY={0}
      style={
        [
          {
            "backgroundColor": "transparent",
            "borderWidth": 0,
          },
          {
            "height": 25,
            "marginHorizontal": -2,
            "marginTop": -2,
            "width": 25,
          },
          {
            "flex": 0,
            "height": 25,
            "width": 25,
          },
        ]
      }
      vbHeight={48}
      vbWidth={48}
    >
      <RNSVGGroup
        fill={
          {
            "payload": 4278190080,
            "type": 0,
          }
        }
      >
        <RNSVGGroup
          fill={
            {
              "payload": 4294743098,
              "type": 0,
            }
          }
          propList={
            [
              "fill",
            ]
          }
        >
          <RNSVGPath
            d="m11.65 44 3.25-14.05L4 20.5l14.4-1.25L24 6l5.6 13.25L44 20.5l-10.9 9.45L36.35 44 24 36.55Z"
            fill={
              {
                "payload": 4278190080,
                "type": 0,
              }
            }
          />
        </RNSVGGroup>
      </RNSVGGroup>
    </RNSVGSvgView>
  </View>
  <View
    appearance="default"
    level="1"
    style={
      [
        {
          "backgroundColor": "#222B45",
        },
        {},
      ]
    }
    testID="vr-icon"
  >
    <RNSVGSvgView
      align="xMidYMid"
      bbHeight="25"
      bbWidth="25"
      focusable={false}
      meetOrSlice={0}
      minX={0}
      minY={0}
      style={
        [
          {
            "backgroundColor": "transparent",
            "borderWidth": 0,
          },
          {
            "height": 25,
            "marginHorizontal": -2,
            "marginTop": -2,
            "width": 25,
          },
          {
            "flex": 0,
            "height": 25,
            "width": 25,
          },
        ]
      }
      vbHeight={48}
      vbWidth={48}
    >
      <RNSVGGroup
        fill={
          {
            "payload": 4278190080,
            "type": 0,
          }
        }
      >
        <RNSVGGroup
          fill={
            {
              "payload": 4294743098,
              "type": 0,
            }
          }
          propList={
            [
              "fill",
            ]
          }
        >
          <RNSVGPath
            d="M24 13.7v19.35l7.85 4.75-2.1-8.9 6.9-6-9.1-.8ZM11.65 44l3.25-14.05L4 20.5l14.4-1.25L24 6l5.6 13.25L44 20.5l-10.9 9.45L36.35 44 24 36.55Z"
            fill={
              {
                "payload": 4278190080,
                "type": 0,
              }
            }
          />
        </RNSVGGroup>
      </RNSVGGroup>
    </RNSVGSvgView>
  </View>
  <View
    appearance="default"
    level="1"
    style={
      [
        {
          "backgroundColor": "#222B45",
        },
        {},
      ]
    }
    testID="vr-icon"
  >
    <RNSVGSvgView
      align="xMidYMid"
      bbHeight="25"
      bbWidth="25"
      focusable={false}
      meetOrSlice={0}
      minX={0}
      minY={0}
      style={
        [
          {
            "backgroundColor": "transparent",
            "borderWidth": 0,
          },
          {
            "height": 25,
            "marginHorizontal": -2,
            "marginTop": -2,
            "width": 25,
          },
          {
            "flex": 0,
            "height": 25,
            "width": 25,
          },
        ]
      }
      vbHeight={48}
      vbWidth={48}
    >
      <RNSVGGroup
        fill={
          {
            "payload": 4278190080,
            "type": 0,
          }
        }
      >
        <RNSVGGroup
          fill={
            {
              "payload": 4294743098,
              "type": 0,
            }
          }
          propList={
            [
              "fill",
            ]
          }
        >
          <RNSVGPath
            d="m16.15 37.75 7.85-4.7 7.85 4.75-2.1-8.9 6.9-6-9.1-.8L24 13.7l-3.55 8.35-9.1.8 6.9 6ZM11.65 44l3.25-14.05L4 20.5l14.4-1.25L24 6l5.6 13.25L44 20.5l-10.9 9.45L36.35 44 24 36.55ZM24 26.25Z"
            fill={
              {
                "payload": 4278190080,
                "type": 0,
              }
            }
          />
        </RNSVGGroup>
      </RNSVGGroup>
    </RNSVGSvgView>
  </View>
</View>
`;

exports[`VRRatingsStars should render correctly for 5 stars 1`] = `
<View
  appearance="default"
  level="1"
  style={
    [
      {
        "backgroundColor": "#222B45",
      },
      {
        "flexDirection": "row",
      },
    ]
  }
>
  <View
    appearance="default"
    level="1"
    style={
      [
        {
          "backgroundColor": "#222B45",
        },
        {},
      ]
    }
    testID="vr-icon"
  >
    <RNSVGSvgView
      align="xMidYMid"
      bbHeight="25"
      bbWidth="25"
      focusable={false}
      meetOrSlice={0}
      minX={0}
      minY={0}
      style={
        [
          {
            "backgroundColor": "transparent",
            "borderWidth": 0,
          },
          {
            "height": 25,
            "marginHorizontal": -2,
            "marginTop": -2,
            "width": 25,
          },
          {
            "flex": 0,
            "height": 25,
            "width": 25,
          },
        ]
      }
      vbHeight={48}
      vbWidth={48}
    >
      <RNSVGGroup
        fill={
          {
            "payload": 4278190080,
            "type": 0,
          }
        }
      >
        <RNSVGGroup
          fill={
            {
              "payload": 4294743098,
              "type": 0,
            }
          }
          propList={
            [
              "fill",
            ]
          }
        >
          <RNSVGPath
            d="m11.65 44 3.25-14.05L4 20.5l14.4-1.25L24 6l5.6 13.25L44 20.5l-10.9 9.45L36.35 44 24 36.55Z"
            fill={
              {
                "payload": 4278190080,
                "type": 0,
              }
            }
          />
        </RNSVGGroup>
      </RNSVGGroup>
    </RNSVGSvgView>
  </View>
  <View
    appearance="default"
    level="1"
    style={
      [
        {
          "backgroundColor": "#222B45",
        },
        {},
      ]
    }
    testID="vr-icon"
  >
    <RNSVGSvgView
      align="xMidYMid"
      bbHeight="25"
      bbWidth="25"
      focusable={false}
      meetOrSlice={0}
      minX={0}
      minY={0}
      style={
        [
          {
            "backgroundColor": "transparent",
            "borderWidth": 0,
          },
          {
            "height": 25,
            "marginHorizontal": -2,
            "marginTop": -2,
            "width": 25,
          },
          {
            "flex": 0,
            "height": 25,
            "width": 25,
          },
        ]
      }
      vbHeight={48}
      vbWidth={48}
    >
      <RNSVGGroup
        fill={
          {
            "payload": 4278190080,
            "type": 0,
          }
        }
      >
        <RNSVGGroup
          fill={
            {
              "payload": 4294743098,
              "type": 0,
            }
          }
          propList={
            [
              "fill",
            ]
          }
        >
          <RNSVGPath
            d="m11.65 44 3.25-14.05L4 20.5l14.4-1.25L24 6l5.6 13.25L44 20.5l-10.9 9.45L36.35 44 24 36.55Z"
            fill={
              {
                "payload": 4278190080,
                "type": 0,
              }
            }
          />
        </RNSVGGroup>
      </RNSVGGroup>
    </RNSVGSvgView>
  </View>
  <View
    appearance="default"
    level="1"
    style={
      [
        {
          "backgroundColor": "#222B45",
        },
        {},
      ]
    }
    testID="vr-icon"
  >
    <RNSVGSvgView
      align="xMidYMid"
      bbHeight="25"
      bbWidth="25"
      focusable={false}
      meetOrSlice={0}
      minX={0}
      minY={0}
      style={
        [
          {
            "backgroundColor": "transparent",
            "borderWidth": 0,
          },
          {
            "height": 25,
            "marginHorizontal": -2,
            "marginTop": -2,
            "width": 25,
          },
          {
            "flex": 0,
            "height": 25,
            "width": 25,
          },
        ]
      }
      vbHeight={48}
      vbWidth={48}
    >
      <RNSVGGroup
        fill={
          {
            "payload": 4278190080,
            "type": 0,
          }
        }
      >
        <RNSVGGroup
          fill={
            {
              "payload": 4294743098,
              "type": 0,
            }
          }
          propList={
            [
              "fill",
            ]
          }
        >
          <RNSVGPath
            d="m11.65 44 3.25-14.05L4 20.5l14.4-1.25L24 6l5.6 13.25L44 20.5l-10.9 9.45L36.35 44 24 36.55Z"
            fill={
              {
                "payload": 4278190080,
                "type": 0,
              }
            }
          />
        </RNSVGGroup>
      </RNSVGGroup>
    </RNSVGSvgView>
  </View>
  <View
    appearance="default"
    level="1"
    style={
      [
        {
          "backgroundColor": "#222B45",
        },
        {},
      ]
    }
    testID="vr-icon"
  >
    <RNSVGSvgView
      align="xMidYMid"
      bbHeight="25"
      bbWidth="25"
      focusable={false}
      meetOrSlice={0}
      minX={0}
      minY={0}
      style={
        [
          {
            "backgroundColor": "transparent",
            "borderWidth": 0,
          },
          {
            "height": 25,
            "marginHorizontal": -2,
            "marginTop": -2,
            "width": 25,
          },
          {
            "flex": 0,
            "height": 25,
            "width": 25,
          },
        ]
      }
      vbHeight={48}
      vbWidth={48}
    >
      <RNSVGGroup
        fill={
          {
            "payload": 4278190080,
            "type": 0,
          }
        }
      >
        <RNSVGGroup
          fill={
            {
              "payload": 4294743098,
              "type": 0,
            }
          }
          propList={
            [
              "fill",
            ]
          }
        >
          <RNSVGPath
            d="M24 13.7v19.35l7.85 4.75-2.1-8.9 6.9-6-9.1-.8ZM11.65 44l3.25-14.05L4 20.5l14.4-1.25L24 6l5.6 13.25L44 20.5l-10.9 9.45L36.35 44 24 36.55Z"
            fill={
              {
                "payload": 4278190080,
                "type": 0,
              }
            }
          />
        </RNSVGGroup>
      </RNSVGGroup>
    </RNSVGSvgView>
  </View>
  <View
    appearance="default"
    level="1"
    style={
      [
        {
          "backgroundColor": "#222B45",
        },
        {},
      ]
    }
    testID="vr-icon"
  >
    <RNSVGSvgView
      align="xMidYMid"
      bbHeight="25"
      bbWidth="25"
      focusable={false}
      meetOrSlice={0}
      minX={0}
      minY={0}
      style={
        [
          {
            "backgroundColor": "transparent",
            "borderWidth": 0,
          },
          {
            "height": 25,
            "marginHorizontal": -2,
            "marginTop": -2,
            "width": 25,
          },
          {
            "flex": 0,
            "height": 25,
            "width": 25,
          },
        ]
      }
      vbHeight={48}
      vbWidth={48}
    >
      <RNSVGGroup
        fill={
          {
            "payload": 4278190080,
            "type": 0,
          }
        }
      >
        <RNSVGGroup
          fill={
            {
              "payload": 4294743098,
              "type": 0,
            }
          }
          propList={
            [
              "fill",
            ]
          }
        >
          <RNSVGPath
            d="m16.15 37.75 7.85-4.7 7.85 4.75-2.1-8.9 6.9-6-9.1-.8L24 13.7l-3.55 8.35-9.1.8 6.9 6ZM11.65 44l3.25-14.05L4 20.5l14.4-1.25L24 6l5.6 13.25L44 20.5l-10.9 9.45L36.35 44 24 36.55ZM24 26.25Z"
            fill={
              {
                "payload": 4278190080,
                "type": 0,
              }
            }
          />
        </RNSVGGroup>
      </RNSVGGroup>
    </RNSVGSvgView>
  </View>
</View>
`;

exports[`VRRatingsStars should render different size 1`] = `
<View
  appearance="default"
  level="1"
  style={
    [
      {
        "backgroundColor": "#222B45",
      },
      {
        "flexDirection": "row",
      },
    ]
  }
>
  <View
    appearance="default"
    level="1"
    style={
      [
        {
          "backgroundColor": "#222B45",
        },
        {},
      ]
    }
    testID="vr-icon"
  >
    <RNSVGSvgView
      align="xMidYMid"
      bbHeight="20"
      bbWidth="20"
      focusable={false}
      meetOrSlice={0}
      minX={0}
      minY={0}
      style={
        [
          {
            "backgroundColor": "transparent",
            "borderWidth": 0,
          },
          {
            "height": 20,
            "marginHorizontal": -2,
            "marginTop": -2,
            "width": 20,
          },
          {
            "flex": 0,
            "height": 20,
            "width": 20,
          },
        ]
      }
      vbHeight={48}
      vbWidth={48}
    >
      <RNSVGGroup
        fill={
          {
            "payload": 4278190080,
            "type": 0,
          }
        }
      >
        <RNSVGGroup
          fill={
            {
              "payload": 4294743098,
              "type": 0,
            }
          }
          propList={
            [
              "fill",
            ]
          }
        >
          <RNSVGPath
            d="m11.65 44 3.25-14.05L4 20.5l14.4-1.25L24 6l5.6 13.25L44 20.5l-10.9 9.45L36.35 44 24 36.55Z"
            fill={
              {
                "payload": 4278190080,
                "type": 0,
              }
            }
          />
        </RNSVGGroup>
      </RNSVGGroup>
    </RNSVGSvgView>
  </View>
  <View
    appearance="default"
    level="1"
    style={
      [
        {
          "backgroundColor": "#222B45",
        },
        {},
      ]
    }
    testID="vr-icon"
  >
    <RNSVGSvgView
      align="xMidYMid"
      bbHeight="20"
      bbWidth="20"
      focusable={false}
      meetOrSlice={0}
      minX={0}
      minY={0}
      style={
        [
          {
            "backgroundColor": "transparent",
            "borderWidth": 0,
          },
          {
            "height": 20,
            "marginHorizontal": -2,
            "marginTop": -2,
            "width": 20,
          },
          {
            "flex": 0,
            "height": 20,
            "width": 20,
          },
        ]
      }
      vbHeight={48}
      vbWidth={48}
    >
      <RNSVGGroup
        fill={
          {
            "payload": 4278190080,
            "type": 0,
          }
        }
      >
        <RNSVGGroup
          fill={
            {
              "payload": 4294743098,
              "type": 0,
            }
          }
          propList={
            [
              "fill",
            ]
          }
        >
          <RNSVGPath
            d="m11.65 44 3.25-14.05L4 20.5l14.4-1.25L24 6l5.6 13.25L44 20.5l-10.9 9.45L36.35 44 24 36.55Z"
            fill={
              {
                "payload": 4278190080,
                "type": 0,
              }
            }
          />
        </RNSVGGroup>
      </RNSVGGroup>
    </RNSVGSvgView>
  </View>
  <View
    appearance="default"
    level="1"
    style={
      [
        {
          "backgroundColor": "#222B45",
        },
        {},
      ]
    }
    testID="vr-icon"
  >
    <RNSVGSvgView
      align="xMidYMid"
      bbHeight="20"
      bbWidth="20"
      focusable={false}
      meetOrSlice={0}
      minX={0}
      minY={0}
      style={
        [
          {
            "backgroundColor": "transparent",
            "borderWidth": 0,
          },
          {
            "height": 20,
            "marginHorizontal": -2,
            "marginTop": -2,
            "width": 20,
          },
          {
            "flex": 0,
            "height": 20,
            "width": 20,
          },
        ]
      }
      vbHeight={48}
      vbWidth={48}
    >
      <RNSVGGroup
        fill={
          {
            "payload": 4278190080,
            "type": 0,
          }
        }
      >
        <RNSVGGroup
          fill={
            {
              "payload": 4294743098,
              "type": 0,
            }
          }
          propList={
            [
              "fill",
            ]
          }
        >
          <RNSVGPath
            d="m11.65 44 3.25-14.05L4 20.5l14.4-1.25L24 6l5.6 13.25L44 20.5l-10.9 9.45L36.35 44 24 36.55Z"
            fill={
              {
                "payload": 4278190080,
                "type": 0,
              }
            }
          />
        </RNSVGGroup>
      </RNSVGGroup>
    </RNSVGSvgView>
  </View>
  <View
    appearance="default"
    level="1"
    style={
      [
        {
          "backgroundColor": "#222B45",
        },
        {},
      ]
    }
    testID="vr-icon"
  >
    <RNSVGSvgView
      align="xMidYMid"
      bbHeight="20"
      bbWidth="20"
      focusable={false}
      meetOrSlice={0}
      minX={0}
      minY={0}
      style={
        [
          {
            "backgroundColor": "transparent",
            "borderWidth": 0,
          },
          {
            "height": 20,
            "marginHorizontal": -2,
            "marginTop": -2,
            "width": 20,
          },
          {
            "flex": 0,
            "height": 20,
            "width": 20,
          },
        ]
      }
      vbHeight={48}
      vbWidth={48}
    >
      <RNSVGGroup
        fill={
          {
            "payload": 4278190080,
            "type": 0,
          }
        }
      >
        <RNSVGGroup
          fill={
            {
              "payload": 4294743098,
              "type": 0,
            }
          }
          propList={
            [
              "fill",
            ]
          }
        >
          <RNSVGPath
            d="M24 13.7v19.35l7.85 4.75-2.1-8.9 6.9-6-9.1-.8ZM11.65 44l3.25-14.05L4 20.5l14.4-1.25L24 6l5.6 13.25L44 20.5l-10.9 9.45L36.35 44 24 36.55Z"
            fill={
              {
                "payload": 4278190080,
                "type": 0,
              }
            }
          />
        </RNSVGGroup>
      </RNSVGGroup>
    </RNSVGSvgView>
  </View>
  <View
    appearance="default"
    level="1"
    style={
      [
        {
          "backgroundColor": "#222B45",
        },
        {},
      ]
    }
    testID="vr-icon"
  >
    <RNSVGSvgView
      align="xMidYMid"
      bbHeight="20"
      bbWidth="20"
      focusable={false}
      meetOrSlice={0}
      minX={0}
      minY={0}
      style={
        [
          {
            "backgroundColor": "transparent",
            "borderWidth": 0,
          },
          {
            "height": 20,
            "marginHorizontal": -2,
            "marginTop": -2,
            "width": 20,
          },
          {
            "flex": 0,
            "height": 20,
            "width": 20,
          },
        ]
      }
      vbHeight={48}
      vbWidth={48}
    >
      <RNSVGGroup
        fill={
          {
            "payload": 4278190080,
            "type": 0,
          }
        }
      >
        <RNSVGGroup
          fill={
            {
              "payload": 4294743098,
              "type": 0,
            }
          }
          propList={
            [
              "fill",
            ]
          }
        >
          <RNSVGPath
            d="m16.15 37.75 7.85-4.7 7.85 4.75-2.1-8.9 6.9-6-9.1-.8L24 13.7l-3.55 8.35-9.1.8 6.9 6ZM11.65 44l3.25-14.05L4 20.5l14.4-1.25L24 6l5.6 13.25L44 20.5l-10.9 9.45L36.35 44 24 36.55ZM24 26.25Z"
            fill={
              {
                "payload": 4278190080,
                "type": 0,
              }
            }
          />
        </RNSVGGroup>
      </RNSVGGroup>
    </RNSVGSvgView>
  </View>
</View>
`;
